[92mhgf123@example.com[0m:[33m~[0m:[34m~ [0m$ lc
EECS455-13682
EECS444-14976
EECS341-14990
