[92mhgf123@example.com[0m:[33m~[0m:[34m~ [0m$ lc --all
EECS455-13682
EECS444-14976
EECS341-14990
EECS325-7832
EECS391-7136
EECS345-6937
NMLS101-9371
USNA288R-2400
MATH380-5222
