[92mhgf123@example.com[0m:[33m~[0m:[34m~ [0m$ lc --long
EECS 455  13682    Applied Graph Theory (100\/10395)
EECS 444  14976    Computer Security (100\/10394)
EECS 341  14990    Introduction to Database Systems (100\/4889)
