[92mhgf123@example.com[0m:[33m~[0m:[34m~ [0m$ lc --long --all
EECS 455   13682    Applied Graph Theory (100\/10395)
EECS 444   14976    Computer Security (100\/10394)
EECS 341   14990    Introduction to Database Systems (100\/4889)
EECS 325    7832    Computer Networks I (100\/5013)
EECS 391    7136    Introduction to Artificial Intelligence (100\/4163)
EECS 345    6937    Programming Language Concepts (100\/4699)
USNA 288R   2400    Data Acquisition and the Internet of Things (100\/10983)
MATH 380    5222    Introduction to Probability (101\/2531)
