[92mhgf123@example.com[0m:[33m~[0m:[34m~ [0m$ whoami
Hugo First (hgf123)
